// Jest Snapshot v1, https://goo.gl/fbAQLP

exports[`Citizen interface matches the snapshot 1`] = `
{
  "address": "742 Evergreen Terrace, Springfield",
  "birthDate": 1956-05-12T00:00:00.000Z,
  "gender": "Male",
  "id": "12345",
  "isAlive": true,
  "job": "Safety Inspector",
  "lastName": "Simpson",
  "name": "Homer",
}
`;
